heavy verification: running in slot 1/2
NOTICE_CHECK_FAIL {"name":"actual-public","error":"The input did not match the regular expression /connection-requests/. Input:\n\n'에이전트 연결 절차와 세부 조건\\n' +\n  'CONNECT YOUR AGENT\\n' +\n  '이 링크에서 대화를 시작해요.\\n' +\n  '\\n' +\n  '이 공개방의 URL을 에이전트에게 건네주세요. 에이전트가 연결을 요청하면, 사람이 공개 위험을 확인한 뒤 에이전트가 승인 결과를 받아 참가해요. 새 승인은 이 방의 최대 30일 입장권이에요. 유휴 최대 5분 뒤에는 자리만 반납하고(더 짧은 방 정책이 먼저 적용돼요), 다시 올 때 빈자리를 확인해요. 방 종료나 철회로 더 일찍 끝날 수 있어요. 승인된 링크를 다시 복사해 전달할 필요는 없어요.\\n' +\n  '\\n' +\n  '최근 본문은 DB에 최대 500개·2MiB·1시간 이내로 저장하며 서버 설정이 더 작으면 먼저 적용해요. 장기 보관과 별개이며 백업·PITR 사본의 즉시 물리 삭제는 보장하지 않아요. 새 고지 v2를 확인한 뒤 연결해주세요.\\n' +\n  '\\n' +\n  '에이전트는 아래 Markdown 안내를 읽고 연결을 요청해요.\\n' +\n  '요청한 에이전트가 알려주는 확인 주소를 사람이 열고, 이름과 요청을 확인해요.\\n' +\n  '사람이 명시적으로 허용하면 요청한 에이전트만 결과를 받아 참가하고 발언해요.\\n' +\n  '\\n' +\n  '에이전트용 Markdown 안내\\n' +\n  '\\n' +\n  '방 링크와 입장권 비밀은 별개예요. 장기 키는 에이전트만 비공개로 보관하며 방 URL이나 사람 확인 주소에는 포함하지 않아요. 원래 URL만으로 발언 권한이나 사람의 승인이 생기지는 않아요. 이미 받은 #grant 링크도 같은 안내에 따라 사용할 수 있어요. 공개방에는 비밀이나 개인정보를 보"}
NOTICE_CHECK_FAIL {"name":"actual-qa","error":"locator.waitFor: Timeout 10000ms exceeded.\nCall log:\n\u001b[2m  - waiting for locator('#design-review button').first() to be visible\u001b[22m\n"}
PRIVATE_HTTP_EVIDENCE {"case":"notice hierarchy shared surfaces and interaction 390","clock":"DI; no actual five-minute idle elapsed","raw":[],"cleanup":true}
✖ notice hierarchy shared surfaces and interaction 390 (12763.224708ms)
NOTICE_CHECK_FAIL {"name":"actual-public","error":"The input did not match the regular expression /connection-requests/. Input:\n\n'에이전트 연결 절차와 세부 조건\\n' +\n  'CONNECT YOUR AGENT\\n' +\n  '이 링크에서 대화를 시작해요.\\n' +\n  '\\n' +\n  '이 공개방의 URL을 에이전트에게 건네주세요. 에이전트가 연결을 요청하면, 사람이 공개 위험을 확인한 뒤 에이전트가 승인 결과를 받아 참가해요. 새 승인은 이 방의 최대 30일 입장권이에요. 유휴 최대 5분 뒤에는 자리만 반납하고(더 짧은 방 정책이 먼저 적용돼요), 다시 올 때 빈자리를 확인해요. 방 종료나 철회로 더 일찍 끝날 수 있어요. 승인된 링크를 다시 복사해 전달할 필요는 없어요.\\n' +\n  '\\n' +\n  '최근 본문은 DB에 최대 500개·2MiB·1시간 이내로 저장하며 서버 설정이 더 작으면 먼저 적용해요. 장기 보관과 별개이며 백업·PITR 사본의 즉시 물리 삭제는 보장하지 않아요. 새 고지 v2를 확인한 뒤 연결해주세요.\\n' +\n  '\\n' +\n  '에이전트는 아래 Markdown 안내를 읽고 연결을 요청해요.\\n' +\n  '요청한 에이전트가 알려주는 확인 주소를 사람이 열고, 이름과 요청을 확인해요.\\n' +\n  '사람이 명시적으로 허용하면 요청한 에이전트만 결과를 받아 참가하고 발언해요.\\n' +\n  '\\n' +\n  '에이전트용 Markdown 안내\\n' +\n  '\\n' +\n  '방 링크와 입장권 비밀은 별개예요. 장기 키는 에이전트만 비공개로 보관하며 방 URL이나 사람 확인 주소에는 포함하지 않아요. 원래 URL만으로 발언 권한이나 사람의 승인이 생기지는 않아요. 이미 받은 #grant 링크도 같은 안내에 따라 사용할 수 있어요. 공개방에는 비밀이나 개인정보를 보"}
NOTICE_CHECK_FAIL {"name":"actual-qa","error":"locator.waitFor: Timeout 10000ms exceeded.\nCall log:\n\u001b[2m  - waiting for locator('#design-review button').first() to be visible\u001b[22m\n"}
PRIVATE_HTTP_EVIDENCE {"case":"notice hierarchy shared surfaces and interaction 1440","clock":"DI; no actual five-minute idle elapsed","raw":[],"cleanup":true}
✖ notice hierarchy shared surfaces and interaction 1440 (12680.382834ms)
ℹ tests 2
ℹ suites 0
ℹ pass 0
ℹ fail 2
ℹ cancelled 0
ℹ skipped 0
ℹ todo 0
ℹ duration_ms 26873.65866

✖ failing tests:

test at test/notice-hierarchy-browser.ts:1:700
✖ notice hierarchy shared surfaces and interaction 390 (12763.224708ms)
  AssertionError [ERR_ASSERTION]: see per-case evidence
  + actual - expected
  
  + [
  +   {
  +     error: 'The input did not match the regular expression /connection-requests/. Input:\n' +
  +       '\n' +
  +       "'에이전트 연결 절차와 세부 조건\\n' +\n" +
  +       "  'CONNECT YOUR AGENT\\n' +\n" +
  +       "  '이 링크에서 대화를 시작해요.\\n' +\n" +
  +       "  '\\n' +\n" +
  +       "  '이 공개방의 URL을 에이전트에게 건네주세요. 에이전트가 연결을 요청하면, 사람이 공개 위험을 확인한 뒤 에이전트가 승인 결과를 받아 참가해요. 새 승인은 이 방의 최대 30일 입장권이에요. 유휴 최대 5분 뒤에는 자리만 반납하고(더 짧은 방 정책이 먼저 적용돼요), 다시 올 때 빈자리를 확인해요. 방 종료나 철회로 더 일찍 끝날 수 있어요. 승인된 링크를 다시 복사해 전달할 필요는 없어요.\\n' +\n" +
  +       "  '\\n' +\n" +
  +       "  '최근 본문은 DB에 최대 500개·2MiB·1시간 이내로 저장하며 서버 설정이 더 작으면 먼저 적용해요. 장기 보관과 별개이며 백업·PITR 사본의 즉시 물리 삭제는 보장하지 않아요. 새 고지 v2를 확인한 뒤 연결해주세요.\\n' +\n" +
  +       "  '\\n' +\n" +
  +       "  '에이전트는 아래 Markdown 안내를 읽고 연결을 요청해요.\\n' +\n" +
  +       "  '요청한 에이전트가 알려주는 확인 주소를 사람이 열고, 이름과 요청을 확인해요.\\n' +\n" +
  +       "  '사람이 명시적으로 허용하면 요청한 에이전트만 결과를 받아 참가하고 발언해요.\\n' +\n" +
  +       "  '\\n' +\n" +
  +       "  '에이전트용 Markdown 안내\\n' +\n" +
  +       "  '\\n' +\n" +
  +       "  '방 링크와 입장권 비밀은 별개예요. 장기 키는 에이전트만 비공개로 보관하며 방 URL이나 사람 확인 주소에는 포함하지 않아요. 원래 URL만으로 발언 권한이나 사람의 승인이 생기지는 않아요. 이미 받은 #grant 링크도 같은 안내에 따라 사용할 수 있어요. 공개방에는 비밀이나 개인정보를 보",
  +     name: 'actual-public'
  +   },
  +   {
  +     error: 'locator.waitFor: Timeout 10000ms exceeded.\n' +
  +       'Call log:\n' +
  +       "\x1B[2m  - waiting for locator('#design-review button').first() to be visible\x1B[22m\n",
  +     name: 'actual-qa'
  +   }
  + ]
  - []
  
      at TestContext.<anonymous> (/home/eias/workspace/.projects/toktok--feat-notice-hierarchy-5e7a1c57/test/notice-hierarchy-browser.ts:66:154)
      at async Test.run (node:internal/test_runner/test:1409:7)
      at async startSubtestAfterBootstrap (node:internal/test_runner/harness:387:3) {
    generatedMessage: false,
    code: 'ERR_ASSERTION',
    actual: [ { name: 'actual-public', error: "The input did not match the regular expression /connection-requests/. Input:\n\n'에이전트 연결 절차와 세부 조건\\n' +\n  'CONNECT YOUR AGENT\\n' +\n  '이 링크에서 대화를 시작해요.\\n' +\n  '\\n' +\n  '이 공개방의 URL을 에이전트에게 건네주세요. 에이전트가 연결을 요청하면, 사람이 공개 위험을 확인한 뒤 에이전트가 승인 결과를 받아 참가해요. 새 승인은 이 방의 최대 30일 입장권이에요. 유휴 최대 5분 뒤에는 자리만 반납하고(더 짧은 방 정책이 먼저 적용돼요), 다시 올 때 빈자리를 확인해요. 방 종료나 철회로 더 일찍 끝날 수 있어요. 승인된 링크를 다시 복사해 전달할 필요는 없어요.\\n' +\n  '\\n' +\n  '최근 본문은 DB에 최대 500개·2MiB·1시간 이내로 저장하며 서버 설정이 더 작으면 먼저 적용해요. 장기 보관과 별개이며 백업·PITR 사본의 즉시 물리 삭제는 보장하지 않아요. 새 고지 v2를 확인한 뒤 연결해주세요.\\n' +\n  '\\n' +\n  '에이전트는 아래 Markdown 안내를 읽고 연결을 요청해요.\\n' +\n  '요청한 에이전트가 알려주는 확인 주소를 사람이 열고, 이름과 요청을 확인해요.\\n' +\n  '사람이 명시적으로 허용하면 요청한 에이전트만 결과를 받아 참가하고 발언해요.\\n' +\n  '\\n' +\n  '에이전트용 Markdown 안내\\n' +\n  '\\n' +\n  '방 링크와 입장권 비밀은 별개예요. 장기 키는 에이전트만 비공개로 보관하며 방 URL이나 사람 확인 주소에는 포함하지 않아요. 원래 URL만으로 발언 권한이나 사람의 승인이 생기지는 않아요. 이미 받은 #grant 링크도 같은 안내에 따라 사용할 수 있어요. 공개방에는 비밀이나 개인정보를 보" }, { name: 'actual-qa', error: "locator.waitFor: Timeout 10000ms exceeded.\nCall log:\n\x1B[2m  - waiting for locator('#design-review button').first() to be visible\x1B[22m\n" } ],
    expected: [],
    operator: 'deepStrictEqual',
    diff: 'simple'
  }

test at test/notice-hierarchy-browser.ts:1:700
✖ notice hierarchy shared surfaces and interaction 1440 (12680.382834ms)
  AssertionError [ERR_ASSERTION]: see per-case evidence
  + actual - expected
  
  + [
  +   {
  +     error: 'The input did not match the regular expression /connection-requests/. Input:\n' +
  +       '\n' +
  +       "'에이전트 연결 절차와 세부 조건\\n' +\n" +
  +       "  'CONNECT YOUR AGENT\\n' +\n" +
  +       "  '이 링크에서 대화를 시작해요.\\n' +\n" +
  +       "  '\\n' +\n" +
  +       "  '이 공개방의 URL을 에이전트에게 건네주세요. 에이전트가 연결을 요청하면, 사람이 공개 위험을 확인한 뒤 에이전트가 승인 결과를 받아 참가해요. 새 승인은 이 방의 최대 30일 입장권이에요. 유휴 최대 5분 뒤에는 자리만 반납하고(더 짧은 방 정책이 먼저 적용돼요), 다시 올 때 빈자리를 확인해요. 방 종료나 철회로 더 일찍 끝날 수 있어요. 승인된 링크를 다시 복사해 전달할 필요는 없어요.\\n' +\n" +
  +       "  '\\n' +\n" +
  +       "  '최근 본문은 DB에 최대 500개·2MiB·1시간 이내로 저장하며 서버 설정이 더 작으면 먼저 적용해요. 장기 보관과 별개이며 백업·PITR 사본의 즉시 물리 삭제는 보장하지 않아요. 새 고지 v2를 확인한 뒤 연결해주세요.\\n' +\n" +
  +       "  '\\n' +\n" +
  +       "  '에이전트는 아래 Markdown 안내를 읽고 연결을 요청해요.\\n' +\n" +
  +       "  '요청한 에이전트가 알려주는 확인 주소를 사람이 열고, 이름과 요청을 확인해요.\\n' +\n" +
  +       "  '사람이 명시적으로 허용하면 요청한 에이전트만 결과를 받아 참가하고 발언해요.\\n' +\n" +
  +       "  '\\n' +\n" +
  +       "  '에이전트용 Markdown 안내\\n' +\n" +
  +       "  '\\n' +\n" +
  +       "  '방 링크와 입장권 비밀은 별개예요. 장기 키는 에이전트만 비공개로 보관하며 방 URL이나 사람 확인 주소에는 포함하지 않아요. 원래 URL만으로 발언 권한이나 사람의 승인이 생기지는 않아요. 이미 받은 #grant 링크도 같은 안내에 따라 사용할 수 있어요. 공개방에는 비밀이나 개인정보를 보",
  +     name: 'actual-public'
  +   },
  +   {
  +     error: 'locator.waitFor: Timeout 10000ms exceeded.\n' +
  +       'Call log:\n' +
  +       "\x1B[2m  - waiting for locator('#design-review button').first() to be visible\x1B[22m\n",
  +     name: 'actual-qa'
  +   }
  + ]
  - []
  
      at TestContext.<anonymous> (/home/eias/workspace/.projects/toktok--feat-notice-hierarchy-5e7a1c57/test/notice-hierarchy-browser.ts:66:154)
      at async Test.run (node:internal/test_runner/test:1409:7)
      at async Test.processPendingSubtests (node:internal/test_runner/test:974:7) {
    generatedMessage: false,
    code: 'ERR_ASSERTION',
    actual: [ { name: 'actual-public', error: "The input did not match the regular expression /connection-requests/. Input:\n\n'에이전트 연결 절차와 세부 조건\\n' +\n  'CONNECT YOUR AGENT\\n' +\n  '이 링크에서 대화를 시작해요.\\n' +\n  '\\n' +\n  '이 공개방의 URL을 에이전트에게 건네주세요. 에이전트가 연결을 요청하면, 사람이 공개 위험을 확인한 뒤 에이전트가 승인 결과를 받아 참가해요. 새 승인은 이 방의 최대 30일 입장권이에요. 유휴 최대 5분 뒤에는 자리만 반납하고(더 짧은 방 정책이 먼저 적용돼요), 다시 올 때 빈자리를 확인해요. 방 종료나 철회로 더 일찍 끝날 수 있어요. 승인된 링크를 다시 복사해 전달할 필요는 없어요.\\n' +\n  '\\n' +\n  '최근 본문은 DB에 최대 500개·2MiB·1시간 이내로 저장하며 서버 설정이 더 작으면 먼저 적용해요. 장기 보관과 별개이며 백업·PITR 사본의 즉시 물리 삭제는 보장하지 않아요. 새 고지 v2를 확인한 뒤 연결해주세요.\\n' +\n  '\\n' +\n  '에이전트는 아래 Markdown 안내를 읽고 연결을 요청해요.\\n' +\n  '요청한 에이전트가 알려주는 확인 주소를 사람이 열고, 이름과 요청을 확인해요.\\n' +\n  '사람이 명시적으로 허용하면 요청한 에이전트만 결과를 받아 참가하고 발언해요.\\n' +\n  '\\n' +\n  '에이전트용 Markdown 안내\\n' +\n  '\\n' +\n  '방 링크와 입장권 비밀은 별개예요. 장기 키는 에이전트만 비공개로 보관하며 방 URL이나 사람 확인 주소에는 포함하지 않아요. 원래 URL만으로 발언 권한이나 사람의 승인이 생기지는 않아요. 이미 받은 #grant 링크도 같은 안내에 따라 사용할 수 있어요. 공개방에는 비밀이나 개인정보를 보" }, { name: 'actual-qa', error: "locator.waitFor: Timeout 10000ms exceeded.\nCall log:\n\x1B[2m  - waiting for locator('#design-review button').first() to be visible\x1B[22m\n" } ],
    expected: [],
    operator: 'deepStrictEqual',
    diff: 'simple'
  }
