heavy verification: running in slot 2/2
NOTICE_CHECK_FAIL {"name":"zoom","error":"Expected values to be strictly deep-equal:\n+ actual - expected\n\n+ [\n+   'intro',\n+   'newroom-persist',\n+   'private-empty',\n+   'auth-login',\n+   'public-connection-pending'\n+ ]\n- []\n"}
PRIVATE_HTTP_EVIDENCE {"case":"notice hierarchy shared surfaces and interaction 390","clock":"DI; no actual five-minute idle elapsed","raw":[],"cleanup":true}
✖ notice hierarchy shared surfaces and interaction 390 (4491.101373ms)
NOTICE_CHECK_FAIL {"name":"public-dialog-continuity","error":"Expected values to be strictly equal:\n+ actual - expected\n\n+ null\n- 'review-public-connection'\n"}
PRIVATE_HTTP_EVIDENCE {"case":"notice hierarchy shared surfaces and interaction 1440","clock":"DI; no actual five-minute idle elapsed","raw":[],"cleanup":true}
✖ notice hierarchy shared surfaces and interaction 1440 (3525.487089ms)
ℹ tests 2
ℹ suites 0
ℹ pass 0
ℹ fail 2
ℹ cancelled 0
ℹ skipped 0
ℹ todo 0
ℹ duration_ms 9038.82151

✖ failing tests:

test at test/notice-hierarchy-browser.ts:1:700
✖ notice hierarchy shared surfaces and interaction 390 (4491.101373ms)
  AssertionError [ERR_ASSERTION]: see per-case evidence
  + actual - expected
  
  + [
  +   {
  +     error: 'Expected values to be strictly deep-equal:\n' +
  +       '+ actual - expected\n' +
  +       '\n' +
  +       '+ [\n' +
  +       "+   'intro',\n" +
  +       "+   'newroom-persist',\n" +
  +       "+   'private-empty',\n" +
  +       "+   'auth-login',\n" +
  +       "+   'public-connection-pending'\n" +
  +       '+ ]\n' +
  +       '- []\n',
  +     name: 'zoom'
  +   }
  + ]
  - []
  
      at TestContext.<anonymous> (/home/eias/workspace/.projects/toktok--feat-notice-hierarchy-5e7a1c57/test/notice-hierarchy-browser.ts:52:154)
      at async Test.run (node:internal/test_runner/test:1409:7)
      at async startSubtestAfterBootstrap (node:internal/test_runner/harness:387:3) {
    generatedMessage: false,
    code: 'ERR_ASSERTION',
    actual: [ { name: 'zoom', error: "Expected values to be strictly deep-equal:\n+ actual - expected\n\n+ [\n+   'intro',\n+   'newroom-persist',\n+   'private-empty',\n+   'auth-login',\n+   'public-connection-pending'\n+ ]\n- []\n" } ],
    expected: [],
    operator: 'deepStrictEqual',
    diff: 'simple'
  }

test at test/notice-hierarchy-browser.ts:1:700
✖ notice hierarchy shared surfaces and interaction 1440 (3525.487089ms)
  AssertionError [ERR_ASSERTION]: see per-case evidence
  + actual - expected
  
  + [
  +   {
  +     error: 'Expected values to be strictly equal:\n' +
  +       '+ actual - expected\n' +
  +       '\n' +
  +       '+ null\n' +
  +       "- 'review-public-connection'\n",
  +     name: 'public-dialog-continuity'
  +   }
  + ]
  - []
  
      at TestContext.<anonymous> (/home/eias/workspace/.projects/toktok--feat-notice-hierarchy-5e7a1c57/test/notice-hierarchy-browser.ts:52:154)
      at async Test.run (node:internal/test_runner/test:1409:7)
      at async Test.processPendingSubtests (node:internal/test_runner/test:974:7) {
    generatedMessage: false,
    code: 'ERR_ASSERTION',
    actual: [ { name: 'public-dialog-continuity', error: "Expected values to be strictly equal:\n+ actual - expected\n\n+ null\n- 'review-public-connection'\n" } ],
    expected: [],
    operator: 'deepStrictEqual',
    diff: 'simple'
  }
